

123

Q1 2025 Test Report

Revenue 10k


